#./src/main/resources/Entities.map
#Sun Feb 24 19:36:50 CET 2019
message6=720
message5=718
message4=716
followUp5=616
message3=719
TrashBoxUser4=713
volume6=641
followUp4=614
message2=717
volume5=640
newspaper9=598
TrashBoxUser3=708
followUp3=612
message1=715
volume4=639
newspaper8=597
TrashBoxUser2=703
followUp2=607
volume3=638
newspaper7=596
TrashBoxUser1=698
followUp1=730
volume2=637
newspaper6=595
volume1=636
TrashBoxCustomer4=693
newspaper5=594
TrashBoxCustomer3=688
article9=618
newspaper4=593
TrashBoxCustomer2=683
article8=617
newspaper3=592
TrashBoxCustomer1=678
article7=615
newspaper2=591
article6=613
newspaper1=590
admin=577
article5=611
article4=610
article3=609
article2=608
article1=606
userAccountUser4=572
userAccountCustomer4=568
userAccountUser3=571
userAccountCustomer3=567
userAccountUser2=570
userAccountCustomer2=566
userAccountUser1=569
userAccountCustomer1=565
configurationSystem=622
SpamBoxAdmin=653
user4=581
user3=580
user2=579
user1=578
OutBoxAgent4=671
OutBoxAgent3=666
OutBoxAgent2=661
OutBoxAgent1=656
SpamBoxUser4=714
SpamBoxUser3=709
SpamBoxUser2=704
userAccountAgent4=576
SpamBoxUser1=699
userAccountAgent3=575
userAccountAgent2=574
userAccountAgent1=573
NotificationBoxAgent4=672
NotificationBoxAgent3=667
NotificationBoxAgent2=662
NotificationBoxAgent1=657
underwrite7=648
underwrite6=647
underwrite5=646
underwrite4=645
underwrite3=644
underwrite2=643
underwrite1=642
SpamBoxAgent4=674
SpamBoxAgent3=669
SpamBoxAgent2=664
SpamBoxAgent1=659
article12=621
article11=620
article10=619
NotificationBoxCustomer4=692
NotificationBoxCustomer3=687
agent4=589
NotificationBoxCustomer2=682
agent3=588
customer4=585
NotificationBoxCustomer1=677
agent2=587
customer3=584
agent1=586
customer2=583
customer1=582
InBoxCustomer4=690
InBoxCustomer3=685
InBoxCustomer2=680
InBoxCustomer1=675
InBoxAdmin=649
Folder1=654
advertisement8=635
advertisement7=634
advertisement6=633
advertisement5=632
advertisement4=631
advertisement3=630
advertisement2=629
advertisement1=628
InBoxUser4=710
validacion1=721
InBoxUser3=705
InBoxUser2=700
InBoxUser1=695
SpamBoxCustomer4=694
SpamBoxCustomer3=689
SpamBoxCustomer2=684
SpamBoxCustomer1=679
chirp7=605
chirp6=604
chirp5=603
chirp4=602
chirp3=601
chirp2=600
chirp1=599
OutBoxCustomer4=691
OutBoxCustomer3=686
OutBoxCustomer2=681
OutBoxCustomer1=676
NotificationBoxAdmin=651
TrashBoxAgent4=673
TrashBoxAgent3=668
TrashBoxAgent2=663
TrashBoxAgent1=658
OutBoxAdmin=650
InBoxAgent4=670
InBoxAgent3=665
InBoxAgent2=660
InBoxAgent1=655
TrashBoxAdmin=652
subcription8=729
subcription7=728
subcription6=727
subcription5=726
subcription4=725
subcription3=724
NotificationBoxUser4=712
subcription2=723
NotificationBoxUser3=707
subcription1=722
NotificationBoxUser2=702
NotificationBoxUser1=697
userAccountAdmin=564
tabooWord5=627
OutBoxUser4=711
tabooWord4=626
tabooWord3=625
OutBoxUser3=706
tabooWord2=624
OutBoxUser2=701
tabooWord1=623
OutBoxUser1=696
